// Jest Snapshot v1, https://goo.gl/fbAQLP

exports[`Sofia → Zlatnite Mostove fixture grade-3 threshold removes only corners looser than 3: grade-3-removed 1`] = `
[
  "150, right six.",
  "100, right six.",
  "40, left four.",
  "350, right six.",
  "450, left six.",
  "200, right six.",
  "300, left six.",
  "950, left six.",
  "1200, right six.",
  "200, right six.",
  "750, right four.",
  "200, right five.",
  "100, left four.",
  "700, right five.",
  "70, left four.",
  "50, left four.",
  "250, left four.",
  "150, right four.",
  "150, left four.",
  "150, right five.",
  "200, left four.",
  "300, right four.",
  "80, left four.",
  "80, left four.",
  "80, left four.",
  "150, right four.",
  "200, left four.",
  "150, left four.",
  "100, right five.",
  "150, right four.",
  "100, left four.",
  "150, left four.",
  "100, left four.",
  "200, right five.",
  "90, right four.",
  "100, right four.",
  "70, left six.",
  "350, right five.",
  "100, left four.",
  "50, left four.",
  "100, left four.",
  "250, right four.",
  "70, left four.",
  "100, left four.",
  "200, left four.",
  "80, right four.",
  "100, left four.",
  "150, left four.",
  "150, right four.",
  "70, right four.",
  "70, left four.",
  "100, right four.",
]
`;

exports[`Sofia → Zlatnite Mostove fixture snapshots the full note list 1`] = `
[
  {
    "at": 190,
    "chain": null,
    "dir": "right",
    "grade": 6,
    "short": "150, right six.",
    "type": "corner",
  },
  {
    "at": 670,
    "chain": null,
    "dir": "right",
    "grade": 2,
    "short": "450, right two.",
    "type": "corner",
  },
  {
    "at": 774,
    "chain": null,
    "dir": "right",
    "grade": 6,
    "short": "100, right six.",
    "type": "corner",
  },
  {
    "at": 1369,
    "chain": null,
    "dir": "left",
    "grade": 2,
    "short": "550, left two.",
    "type": "corner",
  },
  {
    "at": 1598,
    "chain": null,
    "dir": "right",
    "grade": 2,
    "short": "200, right two.",
    "type": "corner",
  },
  {
    "at": 1712,
    "chain": null,
    "dir": "left",
    "grade": 2,
    "short": "100, left two.",
    "type": "corner",
  },
  {
    "at": 2021,
    "chain": null,
    "dir": "straight",
    "grade": null,
    "short": "300, straight",
    "type": "straight",
  },
  {
    "at": 2331,
    "chain": "then",
    "dir": "right",
    "grade": 2,
    "short": "300, right two.",
    "type": "corner",
  },
  {
    "at": 2376,
    "chain": null,
    "dir": "left",
    "grade": 4,
    "short": "40, left four.",
    "type": "corner",
  },
  {
    "at": 2756,
    "chain": null,
    "dir": "right",
    "grade": 6,
    "short": "350, right six.",
    "type": "corner",
  },
  {
    "at": 3225,
    "chain": null,
    "dir": "left",
    "grade": 6,
    "short": "450, left six.",
    "type": "corner",
  },
  {
    "at": 3573,
    "chain": null,
    "dir": "straight",
    "grade": null,
    "short": "300, straight",
    "type": "straight",
  },
  {
    "at": 3785,
    "chain": null,
    "dir": "right",
    "grade": 6,
    "short": "200, right six.",
    "type": "corner",
  },
  {
    "at": 4105,
    "chain": null,
    "dir": "left",
    "grade": 6,
    "short": "300, left six.",
    "type": "corner",
  },
  {
    "at": 5125,
    "chain": null,
    "dir": "straight",
    "grade": null,
    "short": "1000, straight",
    "type": "straight",
  },
  {
    "at": 6105,
    "chain": null,
    "dir": "left",
    "grade": 6,
    "short": "950, left six.",
    "type": "corner",
  },
  {
    "at": 7340,
    "chain": null,
    "dir": "right",
    "grade": 6,
    "short": "1200, right six.",
    "type": "corner",
  },
  {
    "at": 7708,
    "chain": null,
    "dir": "straight",
    "grade": null,
    "short": "350, straight",
    "type": "straight",
  },
  {
    "at": 7925,
    "chain": null,
    "dir": "right",
    "grade": 6,
    "short": "200, right six.",
    "type": "corner",
  },
  {
    "at": 8700,
    "chain": null,
    "dir": "right",
    "grade": 4,
    "short": "750, right four.",
    "type": "corner",
  },
  {
    "at": 8905,
    "chain": null,
    "dir": "left",
    "grade": 2,
    "short": "200, left two.",
    "type": "corner",
  },
  {
    "at": 9144,
    "chain": null,
    "dir": "right",
    "grade": 5,
    "short": "200, right five.",
    "type": "corner",
  },
  {
    "at": 9269,
    "chain": null,
    "dir": "left",
    "grade": 4,
    "short": "100, left four.",
    "type": "corner",
  },
  {
    "at": 9999,
    "chain": null,
    "dir": "right",
    "grade": 5,
    "short": "700, right five.",
    "type": "corner",
  },
  {
    "at": 10254,
    "chain": "then",
    "dir": "left",
    "grade": 2,
    "short": "250, left two.",
    "type": "corner",
  },
  {
    "at": 10333,
    "chain": "then",
    "dir": "left",
    "grade": 4,
    "short": "70, left four.",
    "type": "corner",
  },
  {
    "at": 10408,
    "chain": "into",
    "dir": "right",
    "grade": 3,
    "short": "70, right three.",
    "type": "corner",
  },
  {
    "at": 10463,
    "chain": null,
    "dir": "left",
    "grade": 4,
    "short": "50, left four.",
    "type": "corner",
  },
  {
    "at": 10653,
    "chain": "then",
    "dir": "left",
    "grade": 1,
    "short": "150, hairpin left.",
    "type": "corner",
  },
  {
    "at": 10695,
    "chain": "then",
    "dir": "right",
    "grade": 2,
    "short": "40, right two.",
    "type": "corner",
  },
  {
    "at": 10754,
    "chain": "into",
    "dir": "left",
    "grade": 3,
    "short": "50, left three.",
    "type": "corner",
  },
  {
    "at": 10884,
    "chain": null,
    "dir": "right",
    "grade": 3,
    "short": "100, right three.",
    "type": "corner",
  },
  {
    "at": 11183,
    "chain": "then",
    "dir": "left",
    "grade": 4,
    "short": "250, left four.",
    "type": "corner",
  },
  {
    "at": 11358,
    "chain": "then",
    "dir": "right",
    "grade": 4,
    "short": "150, right four.",
    "type": "corner",
  },
  {
    "at": 11523,
    "chain": null,
    "dir": "left",
    "grade": 4,
    "short": "150, left four.",
    "type": "corner",
  },
  {
    "at": 11708,
    "chain": null,
    "dir": "right",
    "grade": 5,
    "short": "150, right five.",
    "type": "corner",
  },
  {
    "at": 11913,
    "chain": null,
    "dir": "left",
    "grade": 4,
    "short": "200, left four.",
    "type": "corner",
  },
  {
    "at": 12258,
    "chain": "then",
    "dir": "right",
    "grade": 4,
    "short": "300, right four.",
    "type": "corner",
  },
  {
    "at": 12348,
    "chain": "and",
    "dir": "left",
    "grade": 4,
    "short": "80, left four.",
    "type": "corner",
  },
  {
    "at": 12438,
    "chain": null,
    "dir": "left",
    "grade": 4,
    "short": "80, left four.",
    "type": "corner",
  },
  {
    "at": 12578,
    "chain": null,
    "dir": "right",
    "grade": 3,
    "short": "100, right three.",
    "type": "corner",
  },
  {
    "at": 12718,
    "chain": "then",
    "dir": "left",
    "grade": 3,
    "short": "100, left three.",
    "type": "corner",
  },
  {
    "at": 12773,
    "chain": "then",
    "dir": "right",
    "grade": 3,
    "short": "50, right three.",
    "type": "corner",
  },
  {
    "at": 12862,
    "chain": null,
    "dir": "left",
    "grade": 3,
    "short": "80, left three.",
    "type": "corner",
  },
  {
    "at": 13002,
    "chain": "then",
    "dir": "right",
    "grade": 3,
    "short": "100, right three.",
    "type": "corner",
  },
  {
    "at": 13092,
    "chain": null,
    "dir": "left",
    "grade": 4,
    "short": "80, left four.",
    "type": "corner",
  },
  {
    "at": 13292,
    "chain": null,
    "dir": "right",
    "grade": 4,
    "short": "150, right four.",
    "type": "corner",
  },
  {
    "at": 13497,
    "chain": "and",
    "dir": "left",
    "grade": 4,
    "short": "200, left four.",
    "type": "corner",
  },
  {
    "at": 13667,
    "chain": null,
    "dir": "left",
    "grade": 4,
    "short": "150, left four.",
    "type": "corner",
  },
  {
    "at": 14037,
    "chain": "then",
    "dir": "left",
    "grade": 3,
    "short": "350, left three.",
    "type": "corner",
  },
  {
    "at": 14182,
    "chain": null,
    "dir": "right",
    "grade": 5,
    "short": "100, right five.",
    "type": "corner",
  },
  {
    "at": 14352,
    "chain": null,
    "dir": "right",
    "grade": 3,
    "short": "150, right three.",
    "type": "corner",
  },
  {
    "at": 14727,
    "chain": null,
    "dir": "left",
    "grade": 3,
    "short": "350, left three.",
    "type": "corner",
  },
  {
    "at": 14856,
    "chain": null,
    "dir": "left",
    "grade": 2,
    "short": "100, left two.",
    "type": "corner",
  },
  {
    "at": 14931,
    "chain": null,
    "dir": "right",
    "grade": 3,
    "short": "70, right three.",
    "type": "corner",
  },
  {
    "at": 15121,
    "chain": null,
    "dir": "left",
    "grade": 2,
    "short": "150, left two.",
    "type": "corner",
  },
  {
    "at": 15321,
    "chain": null,
    "dir": "right",
    "grade": 4,
    "short": "150, right four.",
    "type": "corner",
  },
  {
    "at": 15456,
    "chain": null,
    "dir": "right",
    "grade": 3,
    "short": "100, right three.",
    "type": "corner",
  },
  {
    "at": 15560,
    "chain": null,
    "dir": "left",
    "grade": 4,
    "short": "100, left four.",
    "type": "corner",
  },
  {
    "at": 15705,
    "chain": null,
    "dir": "right",
    "grade": 2,
    "short": "100, right two.",
    "type": "corner",
  },
  {
    "at": 15890,
    "chain": "and",
    "dir": "left",
    "grade": 4,
    "short": "150, left four.",
    "type": "corner",
  },
  {
    "at": 16010,
    "chain": null,
    "dir": "left",
    "grade": 4,
    "short": "100, left four.",
    "type": "corner",
  },
  {
    "at": 16225,
    "chain": null,
    "dir": "right",
    "grade": 5,
    "short": "200, right five.",
    "type": "corner",
  },
  {
    "at": 16339,
    "chain": null,
    "dir": "left",
    "grade": 3,
    "short": "100, left three.",
    "type": "corner",
  },
  {
    "at": 16434,
    "chain": "then",
    "dir": "right",
    "grade": 4,
    "short": "90, right four.",
    "type": "corner",
  },
  {
    "at": 16554,
    "chain": null,
    "dir": "right",
    "grade": 4,
    "short": "100, right four.",
    "type": "corner",
  },
  {
    "at": 16704,
    "chain": null,
    "dir": "left",
    "grade": 3,
    "short": "100, left three.",
    "type": "corner",
  },
  {
    "at": 16784,
    "chain": null,
    "dir": "left",
    "grade": 6,
    "short": "70, left six.",
    "type": "corner",
  },
  {
    "at": 17159,
    "chain": "then",
    "dir": "right",
    "grade": 5,
    "short": "350, right five.",
    "type": "corner",
  },
  {
    "at": 17289,
    "chain": "and",
    "dir": "left",
    "grade": 4,
    "short": "100, left four.",
    "type": "corner",
  },
  {
    "at": 17349,
    "chain": null,
    "dir": "left",
    "grade": 4,
    "short": "50, left four.",
    "type": "corner",
  },
  {
    "at": 17569,
    "chain": "then",
    "dir": "right",
    "grade": 3,
    "short": "200, right three.",
    "type": "corner",
  },
  {
    "at": 17714,
    "chain": null,
    "dir": "left",
    "grade": 4,
    "short": "100, left four.",
    "type": "corner",
  },
  {
    "at": 17994,
    "chain": null,
    "dir": "left",
    "grade": 3,
    "short": "250, left three.",
    "type": "corner",
  },
  {
    "at": 18254,
    "chain": null,
    "dir": "right",
    "grade": 4,
    "short": "250, right four.",
    "type": "corner",
  },
  {
    "at": 18374,
    "chain": "then",
    "dir": "right",
    "grade": 3,
    "short": "100, right three.",
    "type": "corner",
  },
  {
    "at": 18454,
    "chain": "and",
    "dir": "left",
    "grade": 4,
    "short": "70, left four.",
    "type": "corner",
  },
  {
    "at": 18588,
    "chain": null,
    "dir": "left",
    "grade": 4,
    "short": "100, left four.",
    "type": "corner",
  },
  {
    "at": 18793,
    "chain": "then",
    "dir": "left",
    "grade": 4,
    "short": "200, left four.",
    "type": "corner",
  },
  {
    "at": 18883,
    "chain": "then",
    "dir": "right",
    "grade": 4,
    "short": "80, right four.",
    "type": "corner",
  },
  {
    "at": 19003,
    "chain": null,
    "dir": "left",
    "grade": 4,
    "short": "100, left four.",
    "type": "corner",
  },
  {
    "at": 19118,
    "chain": null,
    "dir": "right",
    "grade": 3,
    "short": "100, right three.",
    "type": "corner",
  },
  {
    "at": 19403,
    "chain": "then",
    "dir": "right",
    "grade": 3,
    "short": "250, right three.",
    "type": "corner",
  },
  {
    "at": 19458,
    "chain": "into",
    "dir": "left",
    "grade": 3,
    "short": "50, left three.",
    "type": "corner",
  },
  {
    "at": 19518,
    "chain": null,
    "dir": "right",
    "grade": 3,
    "short": "50, right three.",
    "type": "corner",
  },
  {
    "at": 19673,
    "chain": null,
    "dir": "left",
    "grade": 4,
    "short": "150, left four.",
    "type": "corner",
  },
  {
    "at": 19868,
    "chain": null,
    "dir": "right",
    "grade": 4,
    "short": "150, right four.",
    "type": "corner",
  },
  {
    "at": 20043,
    "chain": "then",
    "dir": "left",
    "grade": 1,
    "short": "150, hairpin left.",
    "type": "corner",
  },
  {
    "at": 20142,
    "chain": "into",
    "dir": "right",
    "grade": 2,
    "short": "90, right two.",
    "type": "corner",
  },
  {
    "at": 20177,
    "chain": "and",
    "dir": "left",
    "grade": 3,
    "short": "30, left three.",
    "type": "corner",
  },
  {
    "at": 20257,
    "chain": "into",
    "dir": "left",
    "grade": 3,
    "short": "70, left three.",
    "type": "corner",
  },
  {
    "at": 20336,
    "chain": null,
    "dir": "right",
    "grade": 4,
    "short": "70, right four.",
    "type": "corner",
  },
  {
    "at": 20556,
    "chain": null,
    "dir": "left",
    "grade": 2,
    "short": "200, left two.",
    "type": "corner",
  },
  {
    "at": 20646,
    "chain": null,
    "dir": "right",
    "grade": 3,
    "short": "80, right three.",
    "type": "corner",
  },
  {
    "at": 20731,
    "chain": "then",
    "dir": "left",
    "grade": 2,
    "short": "80, left two.",
    "type": "corner",
  },
  {
    "at": 20866,
    "chain": "then",
    "dir": "right",
    "grade": 2,
    "short": "100, right two.",
    "type": "corner",
  },
  {
    "at": 21005,
    "chain": "then",
    "dir": "left",
    "grade": 2,
    "short": "100, left two.",
    "type": "corner",
  },
  {
    "at": 21095,
    "chain": "then",
    "dir": "right",
    "grade": 2,
    "short": "80, right two.",
    "type": "corner",
  },
  {
    "at": 21170,
    "chain": null,
    "dir": "left",
    "grade": 4,
    "short": "70, left four.",
    "type": "corner",
  },
  {
    "at": 21275,
    "chain": null,
    "dir": "right",
    "grade": 3,
    "short": "100, right three.",
    "type": "corner",
  },
  {
    "at": 21550,
    "chain": "into",
    "dir": "right",
    "grade": 3,
    "short": "250, right three.",
    "type": "corner",
  },
  {
    "at": 21654,
    "chain": null,
    "dir": "left",
    "grade": 3,
    "short": "100, left three.",
    "type": "corner",
  },
  {
    "at": 21879,
    "chain": null,
    "dir": "right",
    "grade": 3,
    "short": "200, right three.",
    "type": "corner",
  },
  {
    "at": 22104,
    "chain": null,
    "dir": "left",
    "grade": 2,
    "short": "200, left two.",
    "type": "corner",
  },
  {
    "at": 22229,
    "chain": "into",
    "dir": "right",
    "grade": 2,
    "short": "100, right two.",
    "type": "corner",
  },
  {
    "at": 22293,
    "chain": null,
    "dir": "left",
    "grade": 3,
    "short": "60, left three.",
    "type": "corner",
  },
  {
    "at": 22543,
    "chain": null,
    "dir": "right",
    "grade": 3,
    "short": "200, right three.",
    "type": "corner",
  },
  {
    "at": 22758,
    "chain": null,
    "dir": "left",
    "grade": 3,
    "short": "200, left three.",
    "type": "corner",
  },
  {
    "at": 23013,
    "chain": null,
    "dir": "right",
    "grade": 2,
    "short": "250, right two.",
    "type": "corner",
  },
  {
    "at": 23133,
    "chain": null,
    "dir": "left",
    "grade": 2,
    "short": "100, left two.",
    "type": "corner",
  },
  {
    "at": 23238,
    "chain": null,
    "dir": "right",
    "grade": 4,
    "short": "100, right four.",
    "type": "corner",
  },
  {
    "at": 23328,
    "chain": null,
    "dir": "left",
    "grade": 2,
    "short": "80, left two.",
    "type": "corner",
  },
  {
    "at": 23338,
    "chain": null,
    "dir": null,
    "grade": null,
    "short": "finish",
    "type": "finish",
  },
]
`;
